// Vitest Snapshot v1, https://vitest.dev/guide/snapshot.html

exports[`Cytoscape > large 1`] = `
[
  {
    "classes": [
      "person",
    ],
    "data": {
      "id": "Q433773",
    },
  },
  {
    "classes": [
      "field",
    ],
    "data": {
      "category": "Science",
      "id": "Q333",
      "label": "astronomy",
    },
  },
  {
    "data": {
      "id": "Q433773→Q333",
      "source": "Q433773",
      "target": "Q333",
    },
  },
  {
    "classes": [
      "cat",
    ],
    "data": {
      "id": "SCIENCE",
      "label": "Science",
    },
  },
  {
    "data": {
      "id": "Q333→SCIENCE",
      "source": "Q333",
      "target": "SCIENCE",
    },
  },
  {
    "classes": [
      "person",
    ],
    "data": {
      "id": "Q364505",
    },
  },
  {
    "data": {
      "id": "Q364505→Q333",
      "source": "Q364505",
      "target": "Q333",
    },
  },
  {
    "data": {
      "id": "Q333→SCIENCE",
      "source": "Q333",
      "target": "SCIENCE",
    },
  },
  {
    "classes": [
      "person",
    ],
    "data": {
      "id": "Q200397",
    },
  },
  {
    "classes": [
      "field",
    ],
    "data": {
      "category": "Science",
      "id": "Q12483",
      "label": "statistics",
    },
  },
  {
    "data": {
      "id": "Q200397→Q12483",
      "source": "Q200397",
      "target": "Q12483",
    },
  },
  {
    "data": {
      "id": "Q12483→SCIENCE",
      "source": "Q12483",
      "target": "SCIENCE",
    },
  },
  {
    "classes": [
      "person",
    ],
    "data": {
      "id": "Q187258",
    },
  },
  {
    "data": {
      "id": "Q187258→Q333",
      "source": "Q187258",
      "target": "Q333",
    },
  },
  {
    "data": {
      "id": "Q333→SCIENCE",
      "source": "Q333",
      "target": "SCIENCE",
    },
  },
  {
    "classes": [
      "person",
    ],
    "data": {
      "id": "Q81130",
    },
  },
  {
    "data": {
      "id": "Q81130→Q333",
      "source": "Q81130",
      "target": "Q333",
    },
  },
  {
    "data": {
      "id": "Q333→SCIENCE",
      "source": "Q333",
      "target": "SCIENCE",
    },
  },
  {
    "classes": [
      "person",
    ],
    "data": {
      "id": "Q245355",
    },
  },
  {
    "classes": [
      "field",
    ],
    "data": {
      "category": "Lit",
      "id": "Q8242",
      "label": "literature",
    },
  },
  {
    "data": {
      "id": "Q245355→Q8242",
      "source": "Q245355",
      "target": "Q8242",
    },
  },
  {
    "classes": [
      "cat",
    ],
    "data": {
      "id": "LIT",
      "label": "Lit",
    },
  },
  {
    "data": {
      "id": "Q8242→LIT",
      "source": "Q8242",
      "target": "LIT",
    },
  },
  {
    "classes": [
      "person",
    ],
    "data": {
      "id": "Q247603",
    },
  },
  {
    "classes": [
      "field",
    ],
    "data": {
      "category": "Science",
      "id": "Q4",
      "label": "electrical engineering",
    },
  },
  {
    "data": {
      "id": "Q247603→Q4",
      "source": "Q247603",
      "target": "Q4",
    },
  },
  {
    "data": {
      "id": "Q4→SCIENCE",
      "source": "Q4",
      "target": "SCIENCE",
    },
  },
]
`;
